 for (var {val} = deconstructableObject; ; istrue(); i++){console.log("hello world");} 