 for (var a = 32,{val} = require('deconstructable') ; istrue(); i++){console.log("hello world");} 