 for (var  assign = 99, {val} = require('deconstructable'), {another, one} = deconstruct2; ; istrue(); i++){console.log("hello world");} 