{
   ".DS_Store": {},
   "default-only": {},
   "forced-default": {},
   "mix": {},
   "names-only": {},
   "reassigns": {}
}