 if(true){var  first = "1" ; var requirement = require('requirement'); var third = 3;} 