 for (var  a = 32{val} = deconstructableObject obj = {x: "99"} ; istrue(); i++){console.log("hello world");} 